[
  [
    "CompleteCommand_CList",
    [
      "CList_AndOr",
      [
        "AndOr_Pipeline",
        [
          "Pipeline_PipeSequence",
          [
            "PipeSequence_Command",
            [
              "Command_SimpleCommand",
              [
                "SimpleCommand_CmdName_CmdSuffix",
                [ "CmdName_Word", [ "Word", "echo" ] ],
                [ "CmdSuffix_Word", [ "Word", "`echo hello1`" ] ]
              ]
            ]
          ]
        ]
      ]
    ]
  ],
  [
    "CompleteCommand_CList",
    [
      "CList_AndOr",
      [
        "AndOr_Pipeline",
        [
          "Pipeline_PipeSequence",
          [
            "PipeSequence_Command",
            [
              "Command_SimpleCommand",
              [
                "SimpleCommand_CmdName_CmdSuffix",
                [ "CmdName_Word", [ "Word", "echo" ] ],
                [ "CmdSuffix_Word", [ "Word", "`echo \\`echo hello2\\``" ] ]
              ]
            ]
          ]
        ]
      ]
    ]
  ],
  [
    "CompleteCommand_CList",
    [
      "CList_AndOr",
      [
        "AndOr_Pipeline",
        [
          "Pipeline_PipeSequence",
          [
            "PipeSequence_Command",
            [
              "Command_SimpleCommand",
              [
                "SimpleCommand_CmdName_CmdSuffix",
                [ "CmdName_Word", [ "Word", "echo" ] ],
                [
                  "CmdSuffix_Word",
                  [ "Word", "`echo \\`echo \\\\\\`echo hello3\\\\\\`\\``" ]
                ]
              ]
            ]
          ]
        ]
      ]
    ]
  ],
  [
    "CompleteCommand_CList",
    [
      "CList_AndOr",
      [
        "AndOr_Pipeline",
        [
          "Pipeline_PipeSequence",
          [
            "PipeSequence_Command",
            [
              "Command_SimpleCommand",
              [
                "SimpleCommand_CmdName_CmdSuffix",
                [ "CmdName_Word", [ "Word", "echo" ] ],
                [
                  "CmdSuffix_Word",
                  [
                    "Word",
                    "`echo \\`echo \\\\\\`echo \\\\\\\\\\\\\\`echo hello4\\\\\\\\\\\\\\`\\\\\\`\\``"
                  ]
                ]
              ]
            ]
          ]
        ]
      ]
    ]
  ]
]