[
  [
    "CompleteCommand_CList",
    [
      "CList_AndOr",
      [
        "AndOr_Pipeline",
        [
          "Pipeline_PipeSequence",
          [
            "PipeSequence_Command",
            [
              "Command_SimpleCommand",
              [
                "SimpleCommand_CmdPrefix_CmdWord",
                [
                  "CmdPrefix_AssignmentWord",
                  [
                    [ "Name", "CC" ],
                    [ "Word", "gcc", [ [ "WordLiteral", "gcc" ] ] ]
                  ]
                ],
                [
                  "CmdWord_Word",
                  [ "Word", "make", [ [ "WordName", "make" ] ] ]
                ]
              ]
            ]
          ]
        ]
      ]
    ]
  ],
  [
    "CompleteCommand_CList",
    [
      "CList_AndOr",
      [
        "AndOr_Pipeline",
        [
          "Pipeline_PipeSequence",
          [
            "PipeSequence_Command",
            [
              "Command_SimpleCommand",
              [
                "SimpleCommand_CmdName_CmdSuffix",
                [
                  "CmdName_Word",
                  [ "Word", "make", [ [ "WordName", "make" ] ] ]
                ],
                [
                  "CmdSuffix_Word",
                  [
                    "Word",
                    "CC=cc",
                    [
                      [
                        "WordAssignmentWord",
                        [
                          [ "Name", "CC" ],
                          [ "Word", "cc", [ [ "WordLiteral", "cc" ] ] ]
                        ]
                      ]
                    ]
                  ]
                ]
              ]
            ]
          ]
        ]
      ]
    ]
  ],
  [
    "CompleteCommand_CList",
    [
      "CList_AndOr",
      [
        "AndOr_Pipeline",
        [
          "Pipeline_PipeSequence",
          [
            "PipeSequence_Command",
            [
              "Command_SimpleCommand",
              [
                "SimpleCommand_CmdName_CmdSuffix",
                [
                  "CmdName_Word",
                  [ "Word", "ln", [ [ "WordName", "ln" ] ] ]
                ],
                [
                  "CmdSuffix_CmdSuffix_Word",
                  [
                    "CmdSuffix_CmdSuffix_Word",
                    [
                      "CmdSuffix_Word",
                      [ "Word", "-s", [ [ "WordLiteral", "-s" ] ] ]
                    ],
                    [ "Word", "/bin/ls", [ [ "WordLiteral", "/bin/ls" ] ] ]
                  ],
                  [
                    "Word",
                    "\"X=1\"",
                    [
                      [
                        "WordDoubleQuoted",
                        [
                          "Word",
                          "X=1",
                          [ [ "WordLiteral", "X=" ], [ "WordLiteral", "1" ] ]
                        ]
                      ]
                    ]
                  ]
                ]
              ]
            ]
          ]
        ]
      ]
    ]
  ],
  [
    "CompleteCommand_CList",
    [
      "CList_AndOr",
      [
        "AndOr_Pipeline",
        [
          "Pipeline_PipeSequence",
          [
            "PipeSequence_Command",
            [
              "Command_SimpleCommand",
              [
                "SimpleCommand_CmdName_CmdSuffix",
                [
                  "CmdName_Word",
                  [
                    "Word",
                    "\"./X\"=1",
                    [
                      [
                        "WordDoubleQuoted",
                        [ "Word", "./X", [ [ "WordLiteral", "./X" ] ] ]
                      ],
                      [ "WordLiteral", "=1" ]
                    ]
                  ]
                ],
                [
                  "CmdSuffix_Word",
                  [ "Word", "echo", [ [ "WordName", "echo" ] ] ]
                ]
              ]
            ]
          ]
        ]
      ]
    ]
  ]
]