[
  "Program_LineBreak_CompleteCommands_LineBreak",
  [ "LineBreak_Empty" ],
  [
    "CompleteCommands_CompleteCommand",
    [
      "CompleteCommand_CList",
      [
        "CList_AndOr",
        [
          "AndOr_Pipeline",
          [
            "Pipeline_PipeSequence",
            [
              "PipeSequence_Command",
              [
                "Command_CompoundCommand",
                [
                  "CompoundCommand_CaseClause",
                  [
                    "CaseClause_Case_Word_LineBreak_In_LineBreak_CaseListNS_Esac",
                    [ "Word", "echo", [ [ "WordName", "echo" ] ] ],
                    [ "LineBreak_Empty" ],
                    [ "LineBreak_NewLineList", [ "NewLineList_NewLine" ] ],
                    [
                      "CaseListNS_CaseList_CaseItemNS",
                      [
                        "CaseList_CaseList_CaseItem",
                        [
                          "CaseList_CaseList_CaseItem",
                          [
                            "CaseList_CaseList_CaseItem",
                            [
                              "CaseList_CaseItem",
                              [
                                "CaseItem_Pattern_Rparen_CompoundList_Dsemi_LineBreak",
                                [
                                  "Pattern_Word",
                                  [ "Word", "a", [ [ "WordName", "a" ] ] ]
                                ],
                                [
                                  "CompoundList_LineBreak_Term",
                                  [ "LineBreak_Empty" ],
                                  [
                                    "Term_AndOr",
                                    [
                                      "AndOr_Pipeline",
                                      [
                                        "Pipeline_PipeSequence",
                                        [
                                          "PipeSequence_Command",
                                          [
                                            "Command_SimpleCommand",
                                            [
                                              "SimpleCommand_CmdName",
                                              [
                                                "CmdName_Word",
                                                [
                                                  "Word",
                                                  "b",
                                                  [ [ "WordName", "b" ] ]
                                                ]
                                              ]
                                            ]
                                          ]
                                        ]
                                      ]
                                    ]
                                  ]
                                ],
                                [
                                  "LineBreak_NewLineList",
                                  [ "NewLineList_NewLine" ]
                                ]
                              ]
                            ],
                            [
                              "CaseItem_Lparen_Pattern_Rparen_CompoundList_Dsemi_LineBreak",
                              [
                                "Pattern_Word",
                                [ "Word", "c", [ [ "WordName", "c" ] ] ]
                              ],
                              [
                                "CompoundList_LineBreak_Term",
                                [ "LineBreak_Empty" ],
                                [
                                  "Term_AndOr",
                                  [
                                    "AndOr_Pipeline",
                                    [
                                      "Pipeline_PipeSequence",
                                      [
                                        "PipeSequence_Command",
                                        [
                                          "Command_SimpleCommand",
                                          [
                                            "SimpleCommand_CmdName",
                                            [
                                              "CmdName_Word",
                                              [
                                                "Word",
                                                "d",
                                                [ [ "WordName", "d" ] ]
                                              ]
                                            ]
                                          ]
                                        ]
                                      ]
                                    ]
                                  ]
                                ]
                              ],
                              [
                                "LineBreak_NewLineList",
                                [ "NewLineList_NewLine" ]
                              ]
                            ]
                          ],
                          [
                            "CaseItem_Lparen_Pattern_Rparen_CompoundList_Dsemi_LineBreak",
                            [
                              "Pattern_Pattern_Pipe_Word",
                              [
                                "Pattern_Word",
                                [ "Word", "e", [ [ "WordName", "e" ] ] ]
                              ],
                              [ "Word", "f", [ [ "WordName", "f" ] ] ]
                            ],
                            [
                              "CompoundList_LineBreak_Term",
                              [ "LineBreak_Empty" ],
                              [
                                "Term_AndOr",
                                [
                                  "AndOr_Pipeline",
                                  [
                                    "Pipeline_PipeSequence",
                                    [
                                      "PipeSequence_Command",
                                      [
                                        "Command_SimpleCommand",
                                        [
                                          "SimpleCommand_CmdName",
                                          [
                                            "CmdName_Word",
                                            [
                                              "Word",
                                              "g",
                                              [ [ "WordName", "g" ] ]
                                            ]
                                          ]
                                        ]
                                      ]
                                    ]
                                  ]
                                ]
                              ]
                            ],
                            [
                              "LineBreak_NewLineList",
                              [ "NewLineList_NewLine" ]
                            ]
                          ]
                        ],
                        [
                          "CaseItem_Lparen_Pattern_Rparen_CompoundList_Dsemi_LineBreak",
                          [
                            "Pattern_Word",
                            [ "Word", "h", [ [ "WordName", "h" ] ] ]
                          ],
                          [
                            "CompoundList_LineBreak_Term",
                            [ "LineBreak_Empty" ],
                            [
                              "Term_AndOr",
                              [
                                "AndOr_Pipeline",
                                [
                                  "Pipeline_PipeSequence",
                                  [
                                    "PipeSequence_Command",
                                    [
                                      "Command_CompoundCommand",
                                      [
                                        "CompoundCommand_Subshell",
                                        [
                                          "Subshell_Lparen_CompoundList_Rparen",
                                          [
                                            "CompoundList_LineBreak_Term",
                                            [ "LineBreak_Empty" ],
                                            [
                                              "Term_AndOr",
                                              [
                                                "AndOr_Pipeline",
                                                [
                                                  "Pipeline_PipeSequence",
                                                  [
                                                    "PipeSequence_Command",
                                                    [
                                                      "Command_SimpleCommand",
                                                      [
                                                        "SimpleCommand_CmdName",
                                                        [
                                                          "CmdName_Word",
                                                          [
                                                            "Word",
                                                            "i",
                                                            [
                                                              [
                                                                "WordName",
                                                                "i"
                                                              ]
                                                            ]
                                                          ]
                                                        ]
                                                      ]
                                                    ]
                                                  ]
                                                ]
                                              ]
                                            ]
                                          ]
                                        ]
                                      ]
                                    ]
                                  ]
                                ]
                              ]
                            ]
                          ],
                          [
                            "LineBreak_NewLineList",
                            [ "NewLineList_NewLine" ]
                          ]
                        ]
                      ],
                      [
                        "CaseItemNS_Lparen_Pattern_Rparen_LineBreak",
                        [
                          "Pattern_Word",
                          [ "Word", "j", [ [ "WordName", "j" ] ] ]
                        ],
                        [
                          "LineBreak_NewLineList",
                          [ "NewLineList_NewLine" ]
                        ]
                      ]
                    ]
                  ]
                ]
              ]
            ]
          ]
        ]
      ]
    ]
  ],
  [ "LineBreak_Empty" ]
]