[
  "Program_LineBreak_CompleteCommands_LineBreak",
  [ "LineBreak_Empty" ],
  [
    "CompleteCommands_CompleteCommand",
    [
      "CompleteCommand_CList",
      [
        "CList_AndOr",
        [
          "AndOr_Pipeline",
          [
            "Pipeline_PipeSequence",
            [
              "PipeSequence_Command",
              [
                "Command_CompoundCommand",
                [
                  "CompoundCommand_IfClause",
                  [
                    "IfClause_If_CompoundList_Then_CompoundList_ElsePart_Fi",
                    [
                      "CompoundList_LineBreak_Term_Separator",
                      [ "LineBreak_Empty" ],
                      [
                        "Term_AndOr",
                        [
                          "AndOr_Pipeline",
                          [
                            "Pipeline_PipeSequence",
                            [
                              "PipeSequence_Command",
                              [
                                "Command_SimpleCommand",
                                [
                                  "SimpleCommand_CmdName",
                                  [
                                    "CmdName_Word",
                                    [
                                      "Word",
                                      "true",
                                      [ [ "WordName", "true" ] ]
                                    ]
                                  ]
                                ]
                              ]
                            ]
                          ]
                        ]
                      ],
                      [ "Separator_NewLineList", [ "NewLineList_NewLine" ] ]
                    ],
                    [
                      "CompoundList_LineBreak_Term_Separator",
                      [ "LineBreak_NewLineList", [ "NewLineList_NewLine" ] ],
                      [
                        "Term_AndOr",
                        [
                          "AndOr_Pipeline",
                          [
                            "Pipeline_PipeSequence",
                            [
                              "PipeSequence_Command",
                              [
                                "Command_SimpleCommand",
                                [
                                  "SimpleCommand_CmdName_CmdSuffix",
                                  [
                                    "CmdName_Word",
                                    [
                                      "Word",
                                      "cat",
                                      [ [ "WordName", "cat" ] ]
                                    ]
                                  ],
                                  [
                                    "CmdSuffix_IoRedirect",
                                    [
                                      "IoRedirect_IoHere",
                                      [
                                        "IoHere_DLess_HereEnd",
                                        [
                                          "HereEnd_Word",
                                          [
                                            "Word",
                                            "EOF",
                                            [ [ "WordName", "EOF" ] ]
                                          ]
                                        ],
                                        [
                                          "Word",
                                          "first line\nsecond line\nthird line with continuationEOF\nforth and last line ((\n",
                                          [
                                            [
                                              "WordLiteral",
                                              "first line\nsecond line\nthird line with continuationEOF\nforth and last line ((\n"
                                            ]
                                          ]
                                        ]
                                      ]
                                    ]
                                  ]
                                ]
                              ]
                            ]
                          ]
                        ]
                      ],
                      [ "Separator_NewLineList", [ "NewLineList_NewLine" ] ]
                    ],
                    [
                      "ElsePart_Else_CompoundList",
                      [
                        "CompoundList_LineBreak_Term_Separator",
                        [ "LineBreak_Empty" ],
                        [
                          "Term_AndOr",
                          [
                            "AndOr_Pipeline",
                            [
                              "Pipeline_PipeSequence",
                              [
                                "PipeSequence_Command",
                                [
                                  "Command_SimpleCommand",
                                  [
                                    "SimpleCommand_CmdName_CmdSuffix",
                                    [
                                      "CmdName_Word",
                                      [
                                        "Word",
                                        "echo",
                                        [ [ "WordName", "echo" ] ]
                                      ]
                                    ],
                                    [
                                      "CmdSuffix_Word",
                                      [
                                        "Word",
                                        "\"baeh\"",
                                        [
                                          [
                                            "WordDoubleQuoted",
                                            [
                                              "Word",
                                              "baeh",
                                              [ [ "WordLiteral", "baeh" ] ]
                                            ]
                                          ]
                                        ]
                                      ]
                                    ]
                                  ]
                                ]
                              ]
                            ]
                          ]
                        ],
                        [
                          "Separator_NewLineList",
                          [ "NewLineList_NewLine" ]
                        ]
                      ]
                    ]
                  ]
                ]
              ]
            ]
          ]
        ]
      ]
    ]
  ],
  [ "LineBreak_Empty" ]
]