[
  [
    "CompleteCommand_CList",
    [
      "CList_CList_SeparatorOp_AndOr",
      [
        "CList_AndOr",
        [
          "AndOr_Pipeline",
          [
            "Pipeline_PipeSequence",
            [
              "PipeSequence_Command",
              [
                "Command_SimpleCommand",
                [
                  "SimpleCommand_CmdName_CmdSuffix",
                  [
                    "CmdName_Word",
                    [ "Word", "cat", [ [ "WordName", "cat" ] ] ]
                  ],
                  [
                    "CmdSuffix_CmdSuffix_IoRedirect",
                    [
                      "CmdSuffix_IoRedirect",
                      [
                        "IoRedirect_IoFile",
                        [
                          "IoFile_Great_FileName",
                          [
                            "Filename_Word",
                            [
                              "Word",
                              "toJohn",
                              [ [ "WordName", "toJohn" ] ]
                            ]
                          ]
                        ]
                      ]
                    ],
                    [
                      "IoRedirect_IoHere",
                      [
                        "IoHere_DLess_HereEnd",
                        [
                          "HereEnd_Word",
                          [ "Word", "EOF1", [ [ "WordName", "EOF1" ] ] ]
                        ],
                        [
                          "Word",
                          "Hi John!\nEOF1",
                          [ [ "WordLiteral", "Hi John!\nEOF1" ] ]
                        ]
                      ]
                    ]
                  ]
                ]
              ]
            ]
          ]
        ]
      ],
      [ "SeparatorOp_Semicolon" ],
      [
        "AndOr_Pipeline",
        [
          "Pipeline_PipeSequence",
          [
            "PipeSequence_Command",
            [
              "Command_SimpleCommand",
              [
                "SimpleCommand_CmdName_CmdSuffix",
                [
                  "CmdName_Word",
                  [ "Word", "cat", [ [ "WordName", "cat" ] ] ]
                ],
                [
                  "CmdSuffix_CmdSuffix_IoRedirect",
                  [
                    "CmdSuffix_IoRedirect",
                    [
                      "IoRedirect_IoFile",
                      [
                        "IoFile_Great_FileName",
                        [
                          "Filename_Word",
                          [ "Word", "toJane", [ [ "WordName", "toJane" ] ] ]
                        ]
                      ]
                    ]
                  ],
                  [
                    "IoRedirect_IoHere",
                    [
                      "IoHere_DLessDash_HereEnd",
                      [
                        "HereEnd_Word",
                        [ "Word", "EOF2", [ [ "WordName", "EOF2" ] ] ]
                      ],
                      [
                        "Word",
                        "    Hi Jane!\nEOF2",
                        [ [ "WordLiteral", "    Hi Jane!\nEOF2" ] ]
                      ]
                    ]
                  ]
                ]
              ]
            ]
          ]
        ]
      ]
    ]
  ]
]