[
  "Program_LineBreak_CompleteCommands_LineBreak",
  [
    "LineBreak_Empty"
  ],
  [
    "CompleteCommands_CompleteCommand",
    [
      "CompleteCommand_CList",
      [
        "CList_AndOr",
        [
          "AndOr_Pipeline",
          [
            "Pipeline_PipeSequence",
            [
              "PipeSequence_Command",
              [
                "Command_SimpleCommand",
                [
                  "SimpleCommand_CmdPrefix",
                  [
                    "CmdPrefix_AssignmentWord",
                    [
                      [
                        "Name",
                        "x"
                      ],
                      [
                        "Word",
                        "$(cat <<'EOF'\nHere document not expanded, may be unbalanced ' \" $(\nand a backslash at the end of the line is NOT removed \\\nEOF\n)",
                        [
                          [
                            "WordSubshell",
                            [
                              "SubShellKindParentheses"
                            ],
                            [
                              "Program_LineBreak_CompleteCommands_LineBreak",
                              [
                                "LineBreak_Empty"
                              ],
                              [
                                "CompleteCommands_CompleteCommand",
                                [
                                  "CompleteCommand_CList",
                                  [
                                    "CList_AndOr",
                                    [
                                      "AndOr_Pipeline",
                                      [
                                        "Pipeline_PipeSequence",
                                        [
                                          "PipeSequence_Command",
                                          [
                                            "Command_SimpleCommand",
                                            [
                                              "SimpleCommand_CmdName_CmdSuffix",
                                              [
                                                "CmdName_Word",
                                                [
                                                  "Word",
                                                  "cat",
                                                  [
                                                    [
                                                      "WordName",
                                                      "cat"
                                                    ]
                                                  ]
                                                ]
                                              ],
                                              [
                                                "CmdSuffix_IoRedirect",
                                                [
                                                  "IoRedirect_IoHere",
                                                  [
                                                    "IoHere_DLess_HereEnd",
                                                    [
                                                      "HereEnd_Word",
                                                      [
                                                        "Word",
                                                        "'EOF'",
                                                        [
                                                          [
                                                            "WordSingleQuoted",
                                                            [
                                                              "Word",
                                                              "EOF",
                                                              [
                                                                [
                                                                  "WordLiteral",
                                                                  "EOF"
                                                                ]
                                                              ]
                                                            ]
                                                          ]
                                                        ]
                                                      ]
                                                    ],
                                                    [
                                                      "Word",
                                                      "Here document not expanded, may be unbalanced ' \" $(\nand a backslash at the end of the line is NOT removed ",
                                                      [
                                                        [
                                                          "WordLiteral",
                                                          "Here document not expanded, may be unbalanced ' \" $(\nand a backslash at the end of the line is NOT removed \\\n"
                                                        ]
                                                      ]
                                                    ]
                                                  ]
                                                ]
                                              ]
                                            ]
                                          ]
                                        ]
                                      ]
                                    ]
                                  ]
                                ]
                              ],
                              [
                                "LineBreak_Empty"
                              ]
                            ]
                          ]
                        ]
                      ]
                    ]
                  ]
                ]
              ]
            ]
          ]
        ]
      ]
    ]
  ],
  [
    "LineBreak_Empty"
  ]
]
