Welcome to GNU Emacs, one component of the GNU/Linux operating system.

Emacs Tutorial	Learn basic keystroke commands (Didacticiel d'Emacs)
Emacs Guided Tour	Overview of Emacs features at gnu.org
View Emacs Manual	View the Emacs manual using Info
Absence of Warranty	GNU Emacs comes with ABSOLUTELY NO WARRANTY
Copying Conditions	Conditions for redistributing and changing Emacs
Ordering Manuals	Purchasing printed copies of manuals
To quit a partially entered command, type Control-g.

This is GNU Emacs 25.2.1 (x86_64-unknown-linux-gnu, GTK+ Version 3.22.10)
 of 2017-04-22
Copyright (C) 2017 Free Software Foundation, Inc.

Auto-save file lists were found.  If an Emacs session crashed recently,
type M-x recover-session RET to recover the files you were editing.
Dismiss this startup screen    Never show it again.