[
  "Program_LineBreak_CompleteCommands_LineBreak",
  [
    "LineBreak_Empty"
  ],
  [
    "CompleteCommands_CompleteCommands_NewlineList_CompleteCommand",
    [
      "CompleteCommands_CompleteCommands_NewlineList_CompleteCommand",
      [
        "CompleteCommands_CompleteCommands_NewlineList_CompleteCommand",
        [
          "CompleteCommands_CompleteCommands_NewlineList_CompleteCommand",
          [
            "CompleteCommands_CompleteCommands_NewlineList_CompleteCommand",
            [
              "CompleteCommands_CompleteCommands_NewlineList_CompleteCommand",
              [
                "CompleteCommands_CompleteCommands_NewlineList_CompleteCommand",
                [
                  "CompleteCommands_CompleteCommands_NewlineList_CompleteCommand",
                  [
                    "CompleteCommands_CompleteCommands_NewlineList_CompleteCommand",
                    [
                      "CompleteCommands_CompleteCommands_NewlineList_CompleteCommand",
                      [
                        "CompleteCommands_CompleteCommands_NewlineList_CompleteCommand",
                        [
                          "CompleteCommands_CompleteCommand",
                          [
                            "CompleteCommand_CList",
                            [
                              "CList_AndOr",
                              [
                                "AndOr_Pipeline",
                                [
                                  "Pipeline_PipeSequence",
                                  [
                                    "PipeSequence_Command",
                                    [
                                      "Command_SimpleCommand",
                                      [
                                        "SimpleCommand_CmdName_CmdSuffix",
                                        [
                                          "CmdName_Word",
                                          [
                                            "Word",
                                            "echo",
                                            [
                                              [
                                                "WordName",
                                                "echo"
                                              ]
                                            ]
                                          ]
                                        ],
                                        [
                                          "CmdSuffix_Word",
                                          [
                                            "Word",
                                            "~knuth/foo/bar",
                                            [
                                              [
                                                "WordTildePrefix",
                                                "knuth"
                                              ],
                                              [
                                                "WordLiteral",
                                                "/foo/bar"
                                              ]
                                            ]
                                          ]
                                        ]
                                      ]
                                    ]
                                  ]
                                ]
                              ]
                            ]
                          ]
                        ],
                        [
                          "NewLineList_NewLine"
                        ],
                        [
                          "CompleteCommand_CList",
                          [
                            "CList_AndOr",
                            [
                              "AndOr_Pipeline",
                              [
                                "Pipeline_PipeSequence",
                                [
                                  "PipeSequence_Command",
                                  [
                                    "Command_SimpleCommand",
                                    [
                                      "SimpleCommand_CmdName_CmdSuffix",
                                      [
                                        "CmdName_Word",
                                        [
                                          "Word",
                                          "echo",
                                          [
                                            [
                                              "WordName",
                                              "echo"
                                            ]
                                          ]
                                        ]
                                      ],
                                      [
                                        "CmdSuffix_Word",
                                        [
                                          "Word",
                                          "~kn:~/bin:~darkvador/secret",
                                          [
                                            [
                                              "WordTildePrefix",
                                              "kn:~"
                                            ],
                                            [
                                              "WordLiteral",
                                              "/bin:~darkvador/secret"
                                            ]
                                          ]
                                        ]
                                      ]
                                    ]
                                  ]
                                ]
                              ]
                            ]
                          ]
                        ]
                      ],
                      [
                        "NewLineList_NewLine"
                      ],
                      [
                        "CompleteCommand_CList",
                        [
                          "CList_AndOr",
                          [
                            "AndOr_Pipeline",
                            [
                              "Pipeline_PipeSequence",
                              [
                                "PipeSequence_Command",
                                [
                                  "Command_SimpleCommand",
                                  [
                                    "SimpleCommand_CmdName_CmdSuffix",
                                    [
                                      "CmdName_Word",
                                      [
                                        "Word",
                                        "echo",
                                        [
                                          [
                                            "WordName",
                                            "echo"
                                          ]
                                        ]
                                      ]
                                    ],
                                    [
                                      "CmdSuffix_Word",
                                      [
                                        "Word",
                                        "~kn:/bonjour:~/bonsoir:and/this/one",
                                        [
                                          [
                                            "WordTildePrefix",
                                            "kn:"
                                          ],
                                          [
                                            "WordLiteral",
                                            "/bonjour:~/bonsoir:and/this/one"
                                          ]
                                        ]
                                      ]
                                    ]
                                  ]
                                ]
                              ]
                            ]
                          ]
                        ]
                      ]
                    ],
                    [
                      "NewLineList_NewLine"
                    ],
                    [
                      "CompleteCommand_CList",
                      [
                        "CList_AndOr",
                        [
                          "AndOr_Pipeline",
                          [
                            "Pipeline_PipeSequence",
                            [
                              "PipeSequence_Command",
                              [
                                "Command_SimpleCommand",
                                [
                                  "SimpleCommand_CmdName_CmdSuffix",
                                  [
                                    "CmdName_Word",
                                    [
                                      "Word",
                                      "echo",
                                      [
                                        [
                                          "WordName",
                                          "echo"
                                        ]
                                      ]
                                    ]
                                  ],
                                  [
                                    "CmdSuffix_Word",
                                    [
                                      "Word",
                                      "/bonjour:~kn:~/bonsoir:and/this/one",
                                      [
                                        [
                                          "WordLiteral",
                                          "/bonjour:~kn:~/bonsoir:and/this/one"
                                        ]
                                      ]
                                    ]
                                  ]
                                ]
                              ]
                            ]
                          ]
                        ]
                      ]
                    ]
                  ],
                  [
                    "NewLineList_NewLine"
                  ],
                  [
                    "CompleteCommand_CList",
                    [
                      "CList_AndOr",
                      [
                        "AndOr_Pipeline",
                        [
                          "Pipeline_PipeSequence",
                          [
                            "PipeSequence_Command",
                            [
                              "Command_SimpleCommand",
                              [
                                "SimpleCommand_CmdPrefix",
                                [
                                  "CmdPrefix_AssignmentWord",
                                  [
                                    [
                                      "Name",
                                      "W"
                                    ],
                                    [
                                      "Word",
                                      "~knuth/foo/bar",
                                      [
                                        [
                                          "WordTildePrefix",
                                          "knuth"
                                        ],
                                        [
                                          "WordLiteral",
                                          "/foo/bar"
                                        ]
                                      ]
                                    ]
                                  ]
                                ]
                              ]
                            ]
                          ]
                        ]
                      ]
                    ]
                  ]
                ],
                [
                  "NewLineList_NewLine"
                ],
                [
                  "CompleteCommand_CList",
                  [
                    "CList_AndOr",
                    [
                      "AndOr_Pipeline",
                      [
                        "Pipeline_PipeSequence",
                        [
                          "PipeSequence_Command",
                          [
                            "Command_SimpleCommand",
                            [
                              "SimpleCommand_CmdPrefix",
                              [
                                "CmdPrefix_AssignmentWord",
                                [
                                  [
                                    "Name",
                                    "X"
                                  ],
                                  [
                                    "Word",
                                    "~kn:~/bin:~darkvador/secret",
                                    [
                                      [
                                        "WordTildePrefix",
                                        "kn"
                                      ],
                                      [
                                        "WordLiteral",
                                        ":"
                                      ],
                                      [
                                        "WordTildePrefix",
                                        ""
                                      ],
                                      [
                                        "WordLiteral",
                                        "/bin"
                                      ],
                                      [
                                        "WordLiteral",
                                        ":"
                                      ],
                                      [
                                        "WordTildePrefix",
                                        "darkvador"
                                      ],
                                      [
                                        "WordLiteral",
                                        "/secret"
                                      ]
                                    ]
                                  ]
                                ]
                              ]
                            ]
                          ]
                        ]
                      ]
                    ]
                  ]
                ]
              ],
              [
                "NewLineList_NewLine"
              ],
              [
                "CompleteCommand_CList",
                [
                  "CList_AndOr",
                  [
                    "AndOr_Pipeline",
                    [
                      "Pipeline_PipeSequence",
                      [
                        "PipeSequence_Command",
                        [
                          "Command_SimpleCommand",
                          [
                            "SimpleCommand_CmdPrefix",
                            [
                              "CmdPrefix_AssignmentWord",
                              [
                                [
                                  "Name",
                                  "Y"
                                ],
                                [
                                  "Word",
                                  "~kn:/bonjour:~/bonsoir:and/this/one",
                                  [
                                    [
                                      "WordTildePrefix",
                                      "kn"
                                    ],
                                    [
                                      "WordLiteral",
                                      ":"
                                    ],
                                    [
                                      "WordLiteral",
                                      "/bonjour"
                                    ],
                                    [
                                      "WordLiteral",
                                      ":"
                                    ],
                                    [
                                      "WordTildePrefix",
                                      ""
                                    ],
                                    [
                                      "WordLiteral",
                                      "/bonsoir"
                                    ],
                                    [
                                      "WordLiteral",
                                      ":"
                                    ],
                                    [
                                      "WordLiteral",
                                      "and/this/one"
                                    ]
                                  ]
                                ]
                              ]
                            ]
                          ]
                        ]
                      ]
                    ]
                  ]
                ]
              ]
            ],
            [
              "NewLineList_NewLine"
            ],
            [
              "CompleteCommand_CList",
              [
                "CList_AndOr",
                [
                  "AndOr_Pipeline",
                  [
                    "Pipeline_PipeSequence",
                    [
                      "PipeSequence_Command",
                      [
                        "Command_SimpleCommand",
                        [
                          "SimpleCommand_CmdPrefix",
                          [
                            "CmdPrefix_AssignmentWord",
                            [
                              [
                                "Name",
                                "Z"
                              ],
                              [
                                "Word",
                                "/bonjour:~kn:~/bonsoir:and/this/one",
                                [
                                  [
                                    "WordLiteral",
                                    "/bonjour"
                                  ],
                                  [
                                    "WordLiteral",
                                    ":"
                                  ],
                                  [
                                    "WordTildePrefix",
                                    "kn"
                                  ],
                                  [
                                    "WordLiteral",
                                    ":"
                                  ],
                                  [
                                    "WordTildePrefix",
                                    ""
                                  ],
                                  [
                                    "WordLiteral",
                                    "/bonsoir"
                                  ],
                                  [
                                    "WordLiteral",
                                    ":"
                                  ],
                                  [
                                    "WordLiteral",
                                    "and/this/one"
                                  ]
                                ]
                              ]
                            ]
                          ]
                        ]
                      ]
                    ]
                  ]
                ]
              ]
            ]
          ],
          [
            "NewLineList_NewLine"
          ],
          [
            "CompleteCommand_CList",
            [
              "CList_AndOr",
              [
                "AndOr_Pipeline",
                [
                  "Pipeline_PipeSequence",
                  [
                    "PipeSequence_Command",
                    [
                      "Command_SimpleCommand",
                      [
                        "SimpleCommand_CmdName_CmdSuffix",
                        [
                          "CmdName_Word",
                          [
                            "Word",
                            "echo",
                            [
                              [
                                "WordName",
                                "echo"
                              ]
                            ]
                          ]
                        ],
                        [
                          "CmdSuffix_Word",
                          [
                            "Word",
                            "W=~knuth/foo/bar",
                            [
                              [
                                "WordAssignmentWord",
                                [
                                  [
                                    "Name",
                                    "W"
                                  ],
                                  [
                                    "Word",
                                    "~knuth/foo/bar",
                                    [
                                      [
                                        "WordTildePrefix",
                                        "knuth"
                                      ],
                                      [
                                        "WordLiteral",
                                        "/foo/bar"
                                      ]
                                    ]
                                  ]
                                ]
                              ]
                            ]
                          ]
                        ]
                      ]
                    ]
                  ]
                ]
              ]
            ]
          ]
        ],
        [
          "NewLineList_NewLine"
        ],
        [
          "CompleteCommand_CList",
          [
            "CList_AndOr",
            [
              "AndOr_Pipeline",
              [
                "Pipeline_PipeSequence",
                [
                  "PipeSequence_Command",
                  [
                    "Command_SimpleCommand",
                    [
                      "SimpleCommand_CmdName_CmdSuffix",
                      [
                        "CmdName_Word",
                        [
                          "Word",
                          "echo",
                          [
                            [
                              "WordName",
                              "echo"
                            ]
                          ]
                        ]
                      ],
                      [
                        "CmdSuffix_Word",
                        [
                          "Word",
                          "X=~kn:~/bin:~darkvador/secret",
                          [
                            [
                              "WordAssignmentWord",
                              [
                                [
                                  "Name",
                                  "X"
                                ],
                                [
                                  "Word",
                                  "~kn:~/bin:~darkvador/secret",
                                  [
                                    [
                                      "WordTildePrefix",
                                      "kn"
                                    ],
                                    [
                                      "WordLiteral",
                                      ":"
                                    ],
                                    [
                                      "WordTildePrefix",
                                      ""
                                    ],
                                    [
                                      "WordLiteral",
                                      "/bin"
                                    ],
                                    [
                                      "WordLiteral",
                                      ":"
                                    ],
                                    [
                                      "WordTildePrefix",
                                      "darkvador"
                                    ],
                                    [
                                      "WordLiteral",
                                      "/secret"
                                    ]
                                  ]
                                ]
                              ]
                            ]
                          ]
                        ]
                      ]
                    ]
                  ]
                ]
              ]
            ]
          ]
        ]
      ],
      [
        "NewLineList_NewLine"
      ],
      [
        "CompleteCommand_CList",
        [
          "CList_AndOr",
          [
            "AndOr_Pipeline",
            [
              "Pipeline_PipeSequence",
              [
                "PipeSequence_Command",
                [
                  "Command_SimpleCommand",
                  [
                    "SimpleCommand_CmdName_CmdSuffix",
                    [
                      "CmdName_Word",
                      [
                        "Word",
                        "echo",
                        [
                          [
                            "WordName",
                            "echo"
                          ]
                        ]
                      ]
                    ],
                    [
                      "CmdSuffix_Word",
                      [
                        "Word",
                        "Y=~kn:/bonjour:~/bonsoir:and/this/one",
                        [
                          [
                            "WordAssignmentWord",
                            [
                              [
                                "Name",
                                "Y"
                              ],
                              [
                                "Word",
                                "~kn:/bonjour:~/bonsoir:and/this/one",
                                [
                                  [
                                    "WordTildePrefix",
                                    "kn"
                                  ],
                                  [
                                    "WordLiteral",
                                    ":"
                                  ],
                                  [
                                    "WordLiteral",
                                    "/bonjour"
                                  ],
                                  [
                                    "WordLiteral",
                                    ":"
                                  ],
                                  [
                                    "WordTildePrefix",
                                    ""
                                  ],
                                  [
                                    "WordLiteral",
                                    "/bonsoir"
                                  ],
                                  [
                                    "WordLiteral",
                                    ":"
                                  ],
                                  [
                                    "WordLiteral",
                                    "and/this/one"
                                  ]
                                ]
                              ]
                            ]
                          ]
                        ]
                      ]
                    ]
                  ]
                ]
              ]
            ]
          ]
        ]
      ]
    ],
    [
      "NewLineList_NewLine"
    ],
    [
      "CompleteCommand_CList",
      [
        "CList_AndOr",
        [
          "AndOr_Pipeline",
          [
            "Pipeline_PipeSequence",
            [
              "PipeSequence_Command",
              [
                "Command_SimpleCommand",
                [
                  "SimpleCommand_CmdName_CmdSuffix",
                  [
                    "CmdName_Word",
                    [
                      "Word",
                      "echo",
                      [
                        [
                          "WordName",
                          "echo"
                        ]
                      ]
                    ]
                  ],
                  [
                    "CmdSuffix_Word",
                    [
                      "Word",
                      "Z=/bonjour:~kn:~/bonsoir:and/this/one",
                      [
                        [
                          "WordAssignmentWord",
                          [
                            [
                              "Name",
                              "Z"
                            ],
                            [
                              "Word",
                              "/bonjour:~kn:~/bonsoir:and/this/one",
                              [
                                [
                                  "WordLiteral",
                                  "/bonjour"
                                ],
                                [
                                  "WordLiteral",
                                  ":"
                                ],
                                [
                                  "WordTildePrefix",
                                  "kn"
                                ],
                                [
                                  "WordLiteral",
                                  ":"
                                ],
                                [
                                  "WordTildePrefix",
                                  ""
                                ],
                                [
                                  "WordLiteral",
                                  "/bonsoir"
                                ],
                                [
                                  "WordLiteral",
                                  ":"
                                ],
                                [
                                  "WordLiteral",
                                  "and/this/one"
                                ]
                              ]
                            ]
                          ]
                        ]
                      ]
                    ]
                  ]
                ]
              ]
            ]
          ]
        ]
      ]
    ]
  ],
  [
    "LineBreak_Empty"
  ]
]
